0 241
40 241
60 241
110 257
150 250
220 235
250 239
330 228
360 218
360 186
402 180
414 164
420 155
470 145
472 140
460 132
460 125
500 115
500 0
