0 357
50 357
165 364
275 350
330 335
365 318
415 300
440 278
475 265
525 195
615 172
625 160
660 152
785 137
800 130
837 117
925 115
975 119
1050 110
1050 0
